2025-04-02 18:32:00 | WARN | repo=pv243-2015-web-seminar | action=test | passed=true
2025-07-14 10:41:00 | DEBUG | repo=pv243-2015-web-seminar | action=edit | files=2
2025-04-03 10:01:00 | INFO | repo=pv243-2015-web-seminar | action=pull
2025-01-25 09:13:00 | DEBUG | repo=pv243-2015-web-seminar | action=commit
2025-12-26 07:55:00 | DEBUG | repo=pv243-2015-web-seminar | action=edit | files=2
2025-09-20 16:29:00 | WARN | repo=pv243-2015-web-seminar | action=test | passed=true
2025-10-05 16:15:00 | DEBUG | repo=pv243-2015-web-seminar | action=commit
2025-03-18 14:40:00 | DEBUG | repo=pv243-2015-web-seminar | action=pull
2025-02-01 07:56:00 | DEBUG | repo=pv243-2015-web-seminar | action=pull
2025-01-04 19:52:00 | DEBUG | repo=pv243-2015-web-seminar | action=commit
2025-09-08 15:51:00 | INFO | repo=pv243-2015-web-seminar | action=test | passed=true
2025-06-25 16:34:00 | DEBUG | repo=pv243-2015-web-seminar | action=pull
2025-09-07 10:03:00 | DEBUG | repo=pv243-2015-web-seminar | action=pull
2025-09-26 20:42:00 | WARN | repo=pv243-2015-web-seminar | action=commit
2025-02-17 10:15:00 | DEBUG | repo=pv243-2015-web-seminar | action=commit
2025-08-18 16:11:00 | DEBUG | repo=pv243-2015-web-seminar | action=test | passed=true
2025-10-15 18:46:00 | WARN | repo=pv243-2015-web-seminar | action=pull
2025-12-09 08:48:00 | WARN | repo=pv243-2015-web-seminar | action=edit | files=3
2025-01-20 17:56:00 | INFO | repo=pv243-2015-web-seminar | action=commit
2025-09-20 19:41:00 | DEBUG | repo=pv243-2015-web-seminar | action=pull
2025-04-07 10:00:00 | DEBUG | repo=pv243-2015-web-seminar | action=test | passed=true
2025-01-13 08:53:00 | WARN | repo=pv243-2015-web-seminar | action=pull
2025-12-01 08:59:00 | WARN | repo=pv243-2015-web-seminar | action=test | passed=true
2025-05-12 07:36:00 | WARN | repo=pv243-2015-web-seminar | action=commit
